C51 COMPILER V9.56.0.0   24C02                                                             02/19/2020 05:58:44 PAGE 1   


C51 COMPILER V9.56.0.0, COMPILATION OF MODULE 24C02
OBJECT MODULE PLACED IN .\Objects\24c02.obj
COMPILER INVOKED BY: D:\keil5\C51\BIN\C51.EXE APP\24c02\24c02.c OPTIMIZE(8,SPEED) BROWSE INCDIR(.\APP;.\APP\LCD12864;.\A
                    -PP\ds1302;.\APP\24c02;.\APP\ds18b20;.\APP\DHT11;.\APP\key) DEBUG OBJECTEXTEND PRINT(.\Listings\24c02.lst) OBJECT(.\Objec
                    -ts\24c02.obj)

line level    source

   1          #include "24c02.h"
   2          
   3          
   4          void I2C_Delay10us()
   5          {
   6   1              uchar a, b;
   7   1              for(b=1; b>0; b--)
   8   1              {
   9   2                      for(a=2; a>0; a--);
  10   2              }
  11   1      }
  12          void I2C_Start()
  13          {
  14   1              I2C_SDA = 1;
  15   1              I2C_Delay10us();
  16   1              I2C_SCL = 1;
  17   1              I2C_Delay10us();//建立时间是I2C_SDA保持时间>4.7us
  18   1              I2C_SDA = 0;
  19   1              I2C_Delay10us();//保持时间是>4us
  20   1              I2C_SCL = 0;                    
  21   1              I2C_Delay10us();                
  22   1      }
  23          
  24          
  25          void I2C_Stop()
  26          {
  27   1              I2C_SDA = 0;
  28   1              I2C_Delay10us();
  29   1              I2C_SCL = 1;
  30   1              I2C_Delay10us();//建立时间大于4.7us
  31   1              I2C_SDA = 1;
  32   1              I2C_Delay10us();                
  33   1      }
  34          
  35          uchar I2C_SendByte(uchar dat, uchar ack)
  36          {
  37   1              uchar a = 0,b = 0;//最大255，一个机器周期为1us，最大延时255us。
  38   1                              
  39   1              for(a=0; a<8; a++)//要发送8位，从最高位开始
  40   1              {
  41   2                      I2C_SDA = dat >> 7;      //起始信号之后I2C_SCL=0，所以可以直接改变I2C_SDA信号
  42   2                      dat = dat << 1;
  43   2                      I2C_Delay10us();
  44   2                      I2C_SCL = 1;
  45   2                      I2C_Delay10us();//建立时间>4.7us
  46   2                      I2C_SCL = 0;
  47   2                      I2C_Delay10us();//时间大于4us           
  48   2              }
  49   1      
  50   1              I2C_SDA = 1;
  51   1              I2C_Delay10us();
  52   1              I2C_SCL = 1;
  53   1              while(I2C_SDA && (ack == 1))//等待应答，也就是等待从设备把I2C_SDA拉低
C51 COMPILER V9.56.0.0   24C02                                                             02/19/2020 05:58:44 PAGE 2   

  54   1              {
  55   2                      b++;
  56   2                      if(b > 200)      //如果超过200us没有应答发送失败，或者为非应答，表示接收结束
  57   2                      {
  58   3                              I2C_SCL = 0;
  59   3                              I2C_Delay10us();
  60   3                              return 0;
  61   3                      }
  62   2              }
  63   1      
  64   1              I2C_SCL = 0;
  65   1              I2C_Delay10us();
  66   1              return 1;               
  67   1      }
  68          
  69          uchar I2C_ReadByte()
  70          {
  71   1              uchar a = 0,dat = 0;
  72   1              I2C_SDA = 1;                    //起始和发送一个字节之后I2C_SCL都是0
  73   1              I2C_Delay10us();
  74   1              for(a=0; a<8; a++)//接收8个字节
  75   1              {
  76   2                      I2C_SCL = 1;
  77   2                      I2C_Delay10us();
  78   2                      dat <<= 1;
  79   2                      dat |= I2C_SDA;
  80   2                      I2C_Delay10us();
  81   2                      I2C_SCL = 0;
  82   2                      I2C_Delay10us();
  83   2              }
  84   1              return dat;             
  85   1      }
  86          
  87          void At24c02Write(uchar addr,uchar dat)
  88          {
  89   1              I2C_Start();
  90   1              I2C_SendByte(0xa0, 1);//发送写器件地址
  91   1              I2C_SendByte(addr, 1);//发送要写入内存地址
  92   1              I2C_SendByte(dat, 0);   //发送数据
  93   1              I2C_Stop();
  94   1      }
  95          
  96          uchar At24c02Read(uchar addr)
  97          {
  98   1              uchar num;
  99   1              I2C_Start();
 100   1              I2C_SendByte(0xa0, 1); //发送写器件地址
 101   1              I2C_SendByte(addr, 1); //发送要读取的地址
 102   1              I2C_Start();
 103   1              I2C_SendByte(0xa1, 1); //发送读器件地址
 104   1              num=I2C_ReadByte(); //读取数据
 105   1              I2C_Stop();
 106   1              return num;     
 107   1      }


MODULE INFORMATION:   STATIC OVERLAYABLE
   CODE SIZE        =    211    ----
   CONSTANT SIZE    =   ----    ----
   XDATA SIZE       =   ----    ----
   PDATA SIZE       =   ----    ----
   DATA SIZE        =   ----       1
C51 COMPILER V9.56.0.0   24C02                                                             02/19/2020 05:58:44 PAGE 3   

   IDATA SIZE       =   ----    ----
   BIT SIZE         =   ----    ----
END OF MODULE INFORMATION.


C51 COMPILATION COMPLETE.  0 WARNING(S),  0 ERROR(S)
